../Core/Src/main.c:66:6:set_green_led	16	static
../Core/Src/main.c:68:6:set_yellow_led	16	static
../Core/Src/main.c:70:6:set_red_led	16	static
../Core/Src/main.c:74:5:is_btn_clicked	8	static
../Core/Src/main.c:83:6:set_no_one_led	8	static
../Core/Src/main.c:216:6:garland_modes	16	static
../Core/Src/main.c:266:13:buf_init	16	static
../Core/Src/main.c:272:13:buf_push	48	static
../Core/Src/main.c:292:13:buf_pop	32	static
../Core/Src/main.c:322:6:enable_interrupt	16	static
../Core/Src/main.c:329:6:disable_interrupt	16	static
../Core/Src/main.c:338:6:transmit_uart	24	static
../Core/Src/main.c:360:6:receive_uart	24	static
../Core/Src/main.c:392:6:transmit_uart_nl	24	static
../Core/Src/main.c:400:6:string_equals	16	static
../Core/Src/main.c:404:6:starts_with	16	static
../Core/Src/main.c:414:6:handle_new_command	32	static
../Core/Src/main.c:444:6:handle_new_command_timeout	32	static
../Core/Src/main.c:479:6:set_active_mode	16	static
../Core/Src/main.c:499:6:handle_command_line	48	dynamic
../Core/Src/main.c:545:6:HAL_UART_RxCpltCallback	16	static
../Core/Src/main.c:559:6:HAL_UART_TxCpltCallback	1040	static
../Core/Src/main.c:580:5:main	8	static
../Core/Src/main.c:651:6:SystemClock_Config	88	static
../Core/Src/main.c:696:6:Error_Handler	4	static,ignoring_inline_asm
